<html>
<body>
<pre>
<h1>µVision Build Log</h1>
<h2>Tool Versions:</h2>
IDE-Version: µVision V5.34.0.0
Copyright (C) 2021 ARM Ltd and ARM Germany GmbH. All rights reserved.
License Information: Prashanth Reddy, eSTAR Technologies, LIC=----
 
Tool Versions:
Toolchain:       MDK-Lite  Version: 5.34.0.0
Toolchain Path:  C:\Keil_v5\ARM\ARMCC\Bin
C Compiler:      Armcc.exe V5.06 update 7 (build 960)
Assembler:       Armasm.exe V5.06 update 7 (build 960)
Linker/Locator:  ArmLink.exe V5.06 update 7 (build 960)
Library Manager: ArmAr.exe V5.06 update 7 (build 960)
Hex Converter:   FromElf.exe V5.06 update 7 (build 960)
CPU DLL:         SARMCM3.DLL V5.34.0.0
Dialog DLL:      DARMCM1.DLL V1.19.4.0
Target DLL:      Segger\JL2CM3.dll V2.99.38.0
Dialog DLL:      TARMCM1.DLL V1.14.3.0
 
<h2>Project:</h2>
F:\eSTAR\Minda_REML_TCU_BLE\Tools\DIALOG_SDK\SDK_6.0.14.1114\DA145xx_SDK\6.0.14.1114\projects\target_apps\ble_examples\ble_app_peripheral\Keil_5\ble_app_peripheral.uvprojx
Project File Date:  05/28/2021

<h2>Output:</h2>
*** Using Compiler 'V5.06 update 7 (build 960)', folder: 'C:\Keil_v5\ARM\ARMCC\Bin'
Rebuild target 'DA14531'
assembling startup_DA14531.s...
compiling system_DA14531.c...
compiling nmi_handler.c...
compiling hardfault_handler.c...
compiling arch_console.c...
compiling nvds.c...
compiling arch_sleep.c...
compiling arch_main.c...
compiling jump_table.c...
compiling arch_rom.c...
compiling arch_hibernation.c...
compiling arch_system.c...
compiling chacha20.c...
compiling hash.c...
compiling otp_cs.c...
compiling otp_hdr.c...
compiling syscntl.c...
compiling gpio.c...
compiling wkupct_quadec.c...
compiling battery.c...
compiling spi_531.c...
compiling adc_531.c...
compiling spi_flash.c...
compiling hw_otpc_531.c...
compiling i2c_eeprom.c...
compiling i2c.c...
compiling uart.c...
compiling trng.c...
compiling dma.c...
compiling rwip.c...
compiling uart_utils.c...
compiling rwble.c...
compiling rf_585.c...
compiling rf_531.c...
compiling attm_db_128.c...
compiling prf_utils.c...
compiling ble_arp.c...
compiling diss.c...
compiling custom_common.c...
compiling diss_task.c...
compiling prf.c...
compiling custs1.c...
compiling custs1_task.c...
compiling app_default_handlers.c...
compiling app.c...
compiling app_task.c...
compiling app_bass.c...
compiling app_security.c...
compiling app_security_task.c...
compiling app_findme.c...
compiling app_bass_task.c...
compiling app_findme_task.c...
compiling app_proxr.c...
compiling app_proxr_task.c...
compiling app_diss.c...
compiling app_suotar.c...
compiling app_suotar_task.c...
compiling app_diss_task.c...
compiling app_msg_utils.c...
compiling app_easy_msg_utils.c...
compiling app_entry_point.c...
compiling app_easy_timer.c...
compiling app_easy_security.c...
compiling app_customs.c...
compiling app_customs_task.c...
compiling app_customs_common.c...
compiling app_bond_db.c...
compiling app_utils.c...
compiling app_easy_whitelist.c...
compiling user_custs_config.c...
compiling user_custs1_def.c...
..\src\custom_profile\user_custs1_def.c(44): warning:  #177-D: variable "app_send_svc"  was declared but never referenced
   static const att_svc_desc128_t app_send_svc												=DEF_APP_SEND_DATA_UUID_128;
..\src\custom_profile\user_custs1_def.c(45): warning:  #177-D: variable "ble_send_svc"  was declared but never referenced
   static const att_svc_desc128_t ble_send_svc												=DEF_BLE_SEND_DATA_UUID_128;
..\src\custom_profile\user_custs1_def.c(46): warning:  #177-D: variable "auth_svc"  was declared but never referenced
    static const att_svc_desc128_t auth_svc														=DEF_AUTH_UUID_128;
..\src\custom_profile\user_custs1_def.c(88): warning:  #177-D: variable "att_desc_cfg"  was declared but never referenced
  static const uint16_t att_desc_cfg       = ATT_DESC_CLIENT_CHAR_CFG;
..\src\custom_profile\user_custs1_def.c: 4 warnings, 0 errors
compiling user_periph_setup.c...
compiling user_custs1_impl.c...
..\src\user_custs1_impl.c(89): warning:  #223-D: function "user_adv_data_update" declared implicitly
  		user_adv_data_update();
..\src\user_custs1_impl.c: 1 warning, 0 errors
compiling user_peripheral.c...
..\src\user_peripheral.c(313): warning:  #223-D: function "ble_authenticate_app" declared implicitly
  										ble_authenticate_app(msgid, msg_param, dest_id, src_id);
..\src\user_peripheral.c(454): warning:  #167-D: argument of type "void (*)(char *)" is incompatible with parameter of type "timer_callback"
      X_timer = app_easy_timer(NOTIFICATION_DELAY / 10, user_send_uart_ntf);
..\src\user_peripheral.c: 2 warnings, 0 errors
compiling user_serial_interface_manager.c...
..\src\user_serial_interface_manager.c(74): warning:  #167-D: argument of type "void (*)(uint16_t, const ke_msg_id_t, const struct custs1_att_info_req *, const ke_task_id_t, const ke_task_id_t)" is incompatible with parameter of type "uart_cb_t"
      uart_register_tx_cb(uart, sim_uart_send_cb);
..\src\user_serial_interface_manager.c(123): warning:  #167-D: argument of type "void (*)(uint16_t, const ke_msg_id_t, const struct custs1_att_info_req *, const ke_task_id_t, const ke_task_id_t)" is incompatible with parameter of type "uart_cb_t"
      uart_register_rx_cb(uart, sim_uart_receive_cb);
..\src\user_serial_interface_manager.c: 2 warnings, 0 errors
linking...
Program Size: Code=15964 RO-data=2068 RW-data=12 ZI-data=6976  
FromELF: creating hex file...
After Build - User command #1: fromelf --bincombined --output=".\out_DA14531\Objects\ble_app_peripheral_531.bin"  ".\out_DA14531\Objects\ble_app_peripheral_531.axf"
".\out_DA14531\Objects\ble_app_peripheral_531.axf" - 0 Error(s), 9 Warning(s).

<h2>Software Packages used:</h2>

Package Vendor: ARM
                http://www.keil.com/pack/ARM.CMSIS.5.7.0.pack
                ARM.CMSIS.5.7.0
                CMSIS (Cortex Microcontroller Software Interface Standard)

<h2>Collection of Component include folders:</h2>
  C:\Users\Prashu\AppData\Local\Arm\Packs\ARM\CMSIS\5.7.0\Device\ARM\ARMCM0plus\Include

<h2>Collection of Component Files used:</h2>
Build Time Elapsed:  00:00:43
</pre>
</body>
</html>
