<html>
<body>
<pre>
<h1>µVision Build Log</h1>
<h2>Tool Versions:</h2>
IDE-Version: µVision V5.34.0.0
Copyright (C) 2021 ARM Ltd and ARM Germany GmbH. All rights reserved.
License Information: Prashanth Reddy, eSTAR Technologies, LIC=----
 
Tool Versions:
Toolchain:       MDK-Lite  Version: 5.34.0.0
Toolchain Path:  C:\Keil_v5\ARM\ARMCC\Bin
C Compiler:      Armcc.exe V5.06 update 7 (build 960)
Assembler:       Armasm.exe V5.06 update 7 (build 960)
Linker/Locator:  ArmLink.exe V5.06 update 7 (build 960)
Library Manager: ArmAr.exe V5.06 update 7 (build 960)
Hex Converter:   FromElf.exe V5.06 update 7 (build 960)
CPU DLL:         SARMCM3.DLL V5.34.0.0
Dialog DLL:      DARMCM1.DLL V1.19.4.0
Target DLL:      Segger\JL2CM3.dll V2.99.38.0
Dialog DLL:      TARMCM1.DLL V1.14.3.0
 
<h2>Project:</h2>
F:\eSTAR\Minda_REML_TCU_BLE\Tools\DIALOG_SDK\SDK_6.0.14.1114\DA145xx_SDK\6.0.14.1114\projects\target_apps\ble_examples\ble_app_peripheral\Keil_5\ble_app_peripheral.uvprojx
Project File Date:  05/21/2021

<h2>Output:</h2>
*** Using Compiler 'V5.06 update 7 (build 960)', folder: 'C:\Keil_v5\ARM\ARMCC\Bin'
Rebuild target 'DA14531'
assembling startup_DA14531.s...
compiling system_DA14531.c...
compiling nmi_handler.c...
compiling hardfault_handler.c...
compiling arch_console.c...
compiling nvds.c...
compiling arch_sleep.c...
compiling arch_main.c...
compiling jump_table.c...
compiling arch_rom.c...
compiling arch_hibernation.c...
compiling arch_system.c...
compiling chacha20.c...
compiling hash.c...
compiling otp_cs.c...
compiling otp_hdr.c...
compiling syscntl.c...
compiling gpio.c...
compiling battery.c...
compiling wkupct_quadec.c...
compiling adc_531.c...
compiling spi_531.c...
compiling spi_flash.c...
compiling i2c.c...
compiling i2c_eeprom.c...
compiling hw_otpc_531.c...
compiling dma.c...
compiling uart.c...
compiling trng.c...
compiling rf_585.c...
compiling rwip.c...
compiling rwble.c...
compiling rf_531.c...
compiling ble_arp.c...
compiling attm_db_128.c...
compiling prf_utils.c...
compiling custom_common.c...
compiling diss.c...
compiling diss_task.c...
compiling custs1.c...
compiling custs1_task.c...
compiling prf.c...
compiling app_default_handlers.c...
compiling app.c...
compiling app_task.c...
compiling app_security.c...
compiling app_bass.c...
compiling app_bass_task.c...
compiling app_security_task.c...
compiling app_findme_task.c...
compiling app_findme.c...
compiling app_proxr.c...
compiling app_proxr_task.c...
compiling app_diss_task.c...
compiling app_diss.c...
compiling app_suotar_task.c...
compiling app_suotar.c...
compiling app_entry_point.c...
compiling app_msg_utils.c...
compiling app_easy_msg_utils.c...
compiling app_easy_security.c...
compiling app_easy_timer.c...
compiling app_customs.c...
compiling app_customs_task.c...
compiling app_customs_common.c...
compiling app_utils.c...
compiling app_bond_db.c...
compiling app_easy_whitelist.c...
compiling user_custs_config.c...
compiling user_custs1_def.c...
..\src\custom_profile\user_custs1_def.c(43): warning:  #550-D: variable "spple_svc"  was set but never used
   static const att_svc_desc128_t spple_svc 													= DEF_SPPLE_SERVICE_UUID_128;
..\src\custom_profile\user_custs1_def.c(51): warning:  #177-D: variable "SPPLE_AUTH"  was declared but never referenced
   static const uint8_t SPPLE_AUTH[ATT_UUID_128_LEN]									=	DEF_AUTH_UUID_128;
..\src\custom_profile\user_custs1_def.c(54): warning:  #177-D: variable "custs1_svc1"  was declared but never referenced
  static const att_svc_desc128_t custs1_svc1                      = DEF_SVC1_UUID_128;
..\src\custom_profile\user_custs1_def.c(56): warning:  #177-D: variable "SVC1_CTRL_POINT_UUID_128"  was declared but never referenced
  static const uint8_t SVC1_CTRL_POINT_UUID_128[ATT_UUID_128_LEN]       = DEF_SVC1_CTRL_POINT_UUID_128;
..\src\custom_profile\user_custs1_def.c(57): warning:  #177-D: variable "SVC1_LED_STATE_UUID_128"  was declared but never referenced
  static const uint8_t SVC1_LED_STATE_UUID_128[ATT_UUID_128_LEN]        = DEF_SVC1_LED_STATE_UUID_128;
..\src\custom_profile\user_custs1_def.c(58): warning:  #177-D: variable "SVC1_ADC_VAL_1_UUID_128"  was declared but never referenced
  static const uint8_t SVC1_ADC_VAL_1_UUID_128[ATT_UUID_128_LEN]        = DEF_SVC1_ADC_VAL_1_UUID_128;
..\src\custom_profile\user_custs1_def.c(59): warning:  #177-D: variable "SVC1_ADC_VAL_2_UUID_128"  was declared but never referenced
  static const uint8_t SVC1_ADC_VAL_2_UUID_128[ATT_UUID_128_LEN]        = DEF_SVC1_ADC_VAL_2_UUID_128;
..\src\custom_profile\user_custs1_def.c(60): warning:  #177-D: variable "SVC1_BUTTON_STATE_UUID_128"  was declared but never referenced
  static const uint8_t SVC1_BUTTON_STATE_UUID_128[ATT_UUID_128_LEN]     = DEF_SVC1_BUTTON_STATE_UUID_128;
..\src\custom_profile\user_custs1_def.c(61): warning:  #177-D: variable "SVC1_INDICATEABLE_UUID_128"  was declared but never referenced
  static const uint8_t SVC1_INDICATEABLE_UUID_128[ATT_UUID_128_LEN]     = DEF_SVC1_INDICATEABLE_UUID_128;
..\src\custom_profile\user_custs1_def.c(62): warning:  #177-D: variable "SVC1_LONG_VALUE_UUID_128"  was declared but never referenced
  static const uint8_t SVC1_LONG_VALUE_UUID_128[ATT_UUID_128_LEN]       = DEF_SVC1_LONG_VALUE_UUID_128;
..\src\custom_profile\user_custs1_def.c(65): warning:  #177-D: variable "custs1_svc2"  was declared but never referenced
  static const att_svc_desc128_t custs1_svc2                      = DEF_SVC2_UUID_128;
..\src\custom_profile\user_custs1_def.c(67): warning:  #177-D: variable "SVC2_WRITE_VAL_1_UUID_128"  was declared but never referenced
  static const uint8_t SVC2_WRITE_VAL_1_UUID_128[ATT_UUID_128_LEN]      = DEF_SVC2_WRITE_VAL_1_UUID_128;
..\src\custom_profile\user_custs1_def.c(68): warning:  #177-D: variable "SVC2_WRITE_VAL_2_UUID_128"  was declared but never referenced
  static const uint8_t SVC2_WRITE_VAL_2_UUID_128[ATT_UUID_128_LEN]      = DEF_SVC2_WRITE_VAL_2_UUID_128;
..\src\custom_profile\user_custs1_def.c(71): warning:  #177-D: variable "custs1_svc3"  was declared but never referenced
  static const att_svc_desc128_t custs1_svc3                      = DEF_SVC3_UUID_128;
..\src\custom_profile\user_custs1_def.c(73): warning:  #177-D: variable "SVC3_READ_VAL_1_UUID_128"  was declared but never referenced
  static const uint8_t SVC3_READ_VAL_1_UUID_128[ATT_UUID_128_LEN]       = DEF_SVC3_READ_VAL_1_UUID_128;
..\src\custom_profile\user_custs1_def.c(74): warning:  #177-D: variable "SVC3_READ_VAL_2_UUID_128"  was declared but never referenced
  static const uint8_t SVC3_READ_VAL_2_UUID_128[ATT_UUID_128_LEN]       = DEF_SVC3_READ_VAL_2_UUID_128;
..\src\custom_profile\user_custs1_def.c(75): warning:  #177-D: variable "SVC3_READ_VAL_3_UUID_128"  was declared but never referenced
  static const uint8_t SVC3_READ_VAL_3_UUID_128[ATT_UUID_128_LEN]       = DEF_SVC3_READ_VAL_3_UUID_128;
..\src\custom_profile\user_custs1_def.c(76): warning:  #177-D: variable "SVC3_READ_VAL_4_UUID_128"  was declared but never referenced
  static const uint8_t SVC3_READ_VAL_4_UUID_128[ATT_UUID_128_LEN]       = DEF_SVC3_READ_VAL_4_UUID_128;
..\src\custom_profile\user_custs1_def.c(88): warning:  #177-D: variable "att_desc_cfg"  was declared but never referenced
  static const uint16_t att_desc_cfg       = ATT_DESC_CLIENT_CHAR_CFG;
..\src\custom_profile\user_custs1_def.c: 19 warnings, 0 errors
compiling user_periph_setup.c...
compiling user_custs1_impl.c...
..\src\user_custs1_impl.c(73): warning:  #520-D: initialization with "{...}" expected for aggregate object
  		char val[10]=NULL;
..\src\user_custs1_impl.c(96): warning:  #167-D: argument of type "const uint8_t *" is incompatible with parameter of type "const char *"
  	if(!strcmp(&param->value[0],"0xDADADADA"))
..\src\user_custs1_impl.c: 2 warnings, 0 errors
compiling user_peripheral.c...
..\src\user_peripheral.c(224): warning:  #223-D: function "arch_printf" declared implicitly
  		    arch_printf("**Start Advertise**\n");
..\src\user_peripheral.c: 1 warning, 0 errors
linking...
Program Size: Code=15700 RO-data=2144 RW-data=12 ZI-data=6976  
FromELF: creating hex file...
After Build - User command #1: fromelf --bincombined --output=".\out_DA14531\Objects\ble_app_peripheral_531.bin"  ".\out_DA14531\Objects\ble_app_peripheral_531.axf"
".\out_DA14531\Objects\ble_app_peripheral_531.axf" - 0 Error(s), 22 Warning(s).

<h2>Software Packages used:</h2>

Package Vendor: ARM
                http://www.keil.com/pack/ARM.CMSIS.5.7.0.pack
                ARM.CMSIS.5.7.0
                CMSIS (Cortex Microcontroller Software Interface Standard)

<h2>Collection of Component include folders:</h2>
  C:\Users\Prashu\AppData\Local\Arm\Packs\ARM\CMSIS\5.7.0\Device\ARM\ARMCM0plus\Include

<h2>Collection of Component Files used:</h2>
Build Time Elapsed:  00:00:34
</pre>
</body>
</html>
